// Jest Snapshot v1, https://goo.gl/fbAQLP

exports[`MaTrackButton returns the same output 1`] = `
<button type="button" class="ma-button ant-btn -size-m -"><span class="ma-btn-content items-center"><span class="flex flex-wrap content-center mr-1"><span><span><svg aria-hidden="true" focusable="false" data-prefix="fas" data-icon="plus" role="img" xmlns="http://www.w3.org/2000/svg" viewBox="0 0 448 512" class="ma-btn-icon svg-inline--fa fa-plus fa-1x ma-undefined"><path fill="currentColor" d="M416 208H272V64c0-17.67-14.33-32-32-32h-32c-17.67 0-32 14.33-32 32v144H32c-17.67 0-32 14.33-32 32v32c0 17.67 14.33 32 32 32h144v144c0 17.67 14.33 32 32 32h32c17.67 0 32-14.33 32-32V304h144c17.67 0 32-14.33 32-32v-32c0-17.67-14.33-32-32-32z" class=""></path></svg></span></span></span> <span class="text-left leading-tight"><p>
                cal
            </p> <!----></span></span></button>
`;
